------------------------------------------------------------
TimeQuest Timing Analyzer Summary
------------------------------------------------------------

Type  : Slow 1200mV 85C Model Setup 'CLK'
Slack : -16.315
TNS   : -5159.503

Type  : Slow 1200mV 85C Model Setup 'DataCLK'
Slack : -2.524
TNS   : -611.806

Type  : Slow 1200mV 85C Model Hold 'DataCLK'
Slack : 0.312
TNS   : 0.000

Type  : Slow 1200mV 85C Model Hold 'CLK'
Slack : 0.358
TNS   : 0.000

Type  : Slow 1200mV 85C Model Minimum Pulse Width 'CLK'
Slack : -3.000
TNS   : -1406.568

Type  : Slow 1200mV 85C Model Minimum Pulse Width 'DataCLK'
Slack : -3.000
TNS   : -700.680

Type  : Slow 1200mV 0C Model Setup 'CLK'
Slack : -14.512
TNS   : -4485.406

Type  : Slow 1200mV 0C Model Setup 'DataCLK'
Slack : -2.174
TNS   : -515.915

Type  : Slow 1200mV 0C Model Hold 'DataCLK'
Slack : 0.293
TNS   : 0.000

Type  : Slow 1200mV 0C Model Hold 'CLK'
Slack : 0.318
TNS   : 0.000

Type  : Slow 1200mV 0C Model Minimum Pulse Width 'CLK'
Slack : -3.000
TNS   : -1406.568

Type  : Slow 1200mV 0C Model Minimum Pulse Width 'DataCLK'
Slack : -3.000
TNS   : -700.680

Type  : Fast 1200mV 0C Model Setup 'CLK'
Slack : -8.712
TNS   : -2517.431

Type  : Fast 1200mV 0C Model Setup 'DataCLK'
Slack : -1.123
TNS   : -232.958

Type  : Fast 1200mV 0C Model Hold 'DataCLK'
Slack : 0.148
TNS   : 0.000

Type  : Fast 1200mV 0C Model Hold 'CLK'
Slack : 0.192
TNS   : 0.000

Type  : Fast 1200mV 0C Model Minimum Pulse Width 'CLK'
Slack : -3.000
TNS   : -1447.365

Type  : Fast 1200mV 0C Model Minimum Pulse Width 'DataCLK'
Slack : -3.000
TNS   : -362.749

------------------------------------------------------------
